Loading weights:   0%|          | 0/310 [00:00<?, ?it/s]Loading weights: 100%|██████████| 310/310 [00:00<00:00, 5743.16it/s]

--- runtime facts ---
  torch 2.14.0+cu130  cuda 13.0  device NVIDIA H200 NVL
  module model                        TextLeWorldModel                 params=   755.9M dtypes=['torch.bfloat16', 'torch.float32'] attn=None compiled=False
  static shapes: every encode padded to its max_length
  compiled ['backbone', 'encoder_projector', 'predictor', 'success_head', 'terminal_head', 'memory_projection', 'canonical_event_trunk', 'canonical_event_heads'] with mode=default

--- per-call breakdown: horizon=3 candidates=8 dtype=auto compile=True ---
  total    143.1 ms/call  (stdev 0.5 ms, n=10)
  method (inclusive)                         ms/call   share  calls/call
  score_action_plans_canonical_event          143.02   99.9%         1.0
  _encode_latent_text                         107.54   75.1%         2.0
  _encode_frame_history                        24.20   16.9%         1.0
  encode_latents_batched                       24.16   16.9%         5.0
  model.predictor                               4.39    3.1%         3.0
  _encode                                       1.20    0.8%         1.0
  model.encoder_projector                       0.59    0.4%         2.0
  model.terminal_head                           0.57    0.4%         3.0
  _encode_batch                                 0.51    0.4%         1.0
  model.canonical_event_trunk                   0.50    0.3%         3.0
  _current_state_text                           0.07    0.1%         1.0
  (inclusive: nested methods are counted inside their callers; the top-level entry score_action_plans_canonical_event equals the total)
