Loading weights:   0%|          | 0/310 [00:00<?, ?it/s]Loading weights: 100%|██████████| 310/310 [00:00<00:00, 8869.02it/s]

--- runtime facts ---
  torch 2.14.0+cu130  cuda 13.0  device NVIDIA H200 NVL
  module model                        TextLeWorldModel                 params=   755.9M dtypes=['torch.bfloat16', 'torch.float32'] attn=None compiled=False
  static shapes: every encode padded up to a multiple of 64 tokens
  compiled ['backbone', 'encoder_projector', 'predictor', 'success_head', 'terminal_head', 'memory_projection', 'canonical_event_trunk', 'canonical_event_heads'] with mode=reduce-overhead

--- per-call breakdown: horizon=3 candidates=8 dtype=auto compile=True ---
  total     20.2 ms/call  (stdev 0.5 ms, n=10)
  method (inclusive)                         ms/call   share  calls/call
  score_action_plans_canonical_event           20.09   99.5%         1.0
  model.backbone                                6.88   34.1%         2.0
  _encode_latent_text                           5.95   29.4%         2.0
  _encode_frame_history                         3.74   18.5%         1.0
  encode_latents_batched                        3.70   18.3%         5.0
  model.predictor                               3.61   17.9%         3.0
  _encode                                       1.16    5.7%         1.0
  model.terminal_head                           0.59    2.9%         3.0
  model.canonical_event_trunk                   0.53    2.6%         3.0
  model.encoder_projector                       0.53    2.6%         2.0
  _encode_batch                                 0.34    1.7%         1.0
  _current_state_text                           0.08    0.4%         1.0
  model.backbone: 640 input tokens/call over 2.0 passes (320 tokens/pass)
  (inclusive: nested methods are counted inside their callers; the top-level entry score_action_plans_canonical_event equals the total)
